// Jest Snapshot v1, https://goo.gl/fbAQLP

exports[`Card component should render correctly 1`] = `
<div
  className="sc-bdVaJa fKVFkD"
  onClick={[Function]}
>
  <img
    className="sc-bwzfXH hHTXYr"
    src="https://dkw5ssdvaqf8l.cloudfront.net/static/psr/br/framework/yii/
        images/content/pt-br/product/tarot/marselha/162x341/arcano1.jpg"
  />
</div>
`;
