// Jest Snapshot v1, https://goo.gl/fbAQLP

exports[`Card component should render correctly 1`] = `
<div
  className="sc-bdVaJa iJVzIA"
  onClick={[Function]}
>
  <img
    className="sc-bwzfXH gNEotk"
    src="https://dkw5ssdvaqf8l.cloudfront.net/static/psr/br/framework/yii/images/content/pt-br/product/tarot/marselha/162x341/arcano.jpjarcano1.jpg"
  />
</div>
`;

exports[`Card component should show the front of a card 1`] = `
<div
  className="sc-bdVaJa iJVzIA"
  onClick={[Function]}
>
  <img
    className="sc-bwzfXH gNEotk"
    src="https://dkw5ssdvaqf8l.cloudfront.net/static/psr/br/framework/yii/images/content/pt-br/product/tarot/marselha/162x341/arcano.jpjarcano1.jpg"
  />
</div>
`;

exports[`Card component should show the front of the card 1`] = `
<div
  className="sc-bdVaJa iJVzIA"
  onClick={[Function]}
>
  <img
    className="sc-bwzfXH gNEotk"
    src="https://dkw5ssdvaqf8l.cloudfront.net/static/psr/br/framework/yii/images/content/pt-br/product/tarot/marselha/162x341/arcano.jpjarcano1.jpg"
  />
</div>
`;
