// Jest Snapshot v1, https://goo.gl/fbAQLP

exports[`Card should match the snapshot 1`] = `
<styled.div
  data-cy="card"
  onClick={[Function]}
>
  <ReactCardFlip
    cardStyles={
      Object {
        "back": Object {},
        "front": Object {},
      }
    }
    cardZIndex="auto"
    containerStyle={Object {}}
    flipDirection="horizontal"
    flipSpeedBackToFront={0.6}
    flipSpeedFrontToBack={0.6}
    infinite={false}
    isFlipped={true}
  >
    <styled.img
      alt="Name Test"
      data-cy={false}
      src="https://images.com/Image Test"
    />
    <styled.img
      alt="Name Test"
      data-cy="card-down"
    />
  </ReactCardFlip>
</styled.div>
`;
